[backblue.gif]
[fade.gif]
[index.html]
[equinedispatch.com/public/uploads/logo/equine-dispatch-banner.png]
[equinedispatch.com/uploads/logo/favicon.png]
[equinedispatch.com/uploads/logo/logo.png]
[equinedispatch.com/index.html]
[www.googletagmanager.com/gtm5445.html]
[cdnjs.cloudflare.com/ajax/libs/font-awesome/6.5.1/css/all.min.css]
[equinedispatch.com/front/assets/css/bootstrap.min.css]
[equinedispatch.com/front/assets/css/owl.carousel.min.css]
[equinedispatch.com/front/assets/css/owl.theme.default.css]
[equinedispatch.com/front/assets/css/main.css]
[equinedispatch.com/front/assets/css/responsive.css]
[equinedispatch.com/front/assets/css/toastr.css]
[equinedispatch.com/front/assets/css/select2.min.css]
[equinedispatch.com/sign-in.html]
[equinedispatch.com/sign-up-select.html]
[equinedispatch.com/front/assets/fonts/GlancyrBold.woff]
[equinedispatch.com/front/assets/fonts/GlancyrBold.eot]
[equinedispatch.com/front/assets/fonts/GlancyrBold.ttf]
[equinedispatch.com/front/assets/fonts/GlancyrExtraLight.eot]
[equinedispatch.com/front/assets/fonts/GlancyrExtraLight.ttf]
[equinedispatch.com/front/assets/fonts/GlancyrExtraLight.woff]
[equinedispatch.com/front/assets/fonts/GlancyrLight.eot]
[equinedispatch.com/front/assets/fonts/GlancyrLight.woff]
[equinedispatch.com/front/assets/fonts/GlancyrLight.ttf]
[equinedispatch.com/front/assets/fonts/GlancyrMedium.eot]
[equinedispatch.com/front/assets/fonts/GlancyrMedium.ttf]
[equinedispatch.com/front/assets/fonts/GlancyrMedium.woff]
[equinedispatch.com/front/assets/fonts/GlancyrRegular.woff]
[equinedispatch.com/front/assets/fonts/GlancyrRegular.eot]
[equinedispatch.com/front/assets/fonts/GlancyrRegular.ttf]
[equinedispatch.com/front/assets/fonts/GlancyrSemiBold.eot]
[equinedispatch.com/front/assets/fonts/GlancyrSemiBold.woff]
[equinedispatch.com/front/assets/fonts/GlancyrSemiBold.ttf]
[equinedispatch.com/front/assets/fonts/GlancyrThin.woff]
[equinedispatch.com/front/assets/fonts/GlancyrThin.eot]
[equinedispatch.com/front/assets/fonts/GlancyrThin.ttf]
[equinedispatch.com/front/assets/image/right-arrow.png]
[equinedispatch.com/front/assets/image/arrow-left.png]
[equinedispatch.com/front/assets/image/customer-bg.png]
[equinedispatch.com/front/assets/image/gauranteed.png]
[equinedispatch.com/uploads/blog/1/1722022126.Hailey.jpg]
[equinedispatch.com/uploads/blog/2/1732880265.1722022298.Transport.jpg]
[equinedispatch.com/uploads/blog/3/1732880310.1722022951.layover.jpg]
[equinedispatch.com/uploads/partner/7/1718372317.cs.png]
[equinedispatch.com/uploads/partner/18/1785526535.QMF.png]
[equinedispatch.com/front/assets/image/footer-bg.png]
[equinedispatch.com/uploads/partner/1/1718375152.schneiders.jpg]
[equinedispatch.com/uploads/logo/footer_logo.png]
[equinedispatch.com/front/assets/css/owl.video.play.png]
[equinedispatch.com/front/assets/fonts/GlancyrBold.woff2]
[equinedispatch.com/front/assets/fonts/GlancyrBold.svg]
[equinedispatch.com/front/assets/fonts/GlancyrExtraLight.woff2]
[equinedispatch.com/front/assets/fonts/GlancyrExtraLight.svg]
[equinedispatch.com/front/assets/fonts/GlancyrLight.woff2]
[equinedispatch.com/front/assets/fonts/GlancyrLight.svg]
[equinedispatch.com/front/assets/fonts/GlancyrMedium.woff2]
[equinedispatch.com/front/assets/fonts/GlancyrMedium.svg]
[equinedispatch.com/front/assets/fonts/GlancyrRegular.woff2]
[equinedispatch.com/front/assets/fonts/GlancyrRegular.svg]
[equinedispatch.com/front/assets/fonts/GlancyrSemiBold.woff2]
[equinedispatch.com/front/assets/fonts/GlancyrSemiBold.svg]
[equinedispatch.com/front/assets/fonts/GlancyrThin.woff2]
[equinedispatch.com/front/assets/fonts/GlancyrThin.svg]
[equinedispatch.com/forgot-password]
[equinedispatch.com/my-shippment]
[equinedispatch.com/shipments]
[equinedispatch.com/profile]
[equinedispatch.com/sign-up056f]
[equinedispatch.com/front/assets/image/hero-bg.png]
[equinedispatch.com/front/assets/image/business-visibility-bg.jpg]
[equinedispatch.com/about-us.html]
[cdn.shopify.com/s/files/1/0917/9594/files/horses-1414889_1920-233c2.jpg]
[equinedispatch.com/front/assets/image/shipper-hero-bg.png]
[equinedispatch.com/shippers.html]
[www.bayequest.com/wp-content/uploads/2024/04/Are-Horses-Smart.png]
[equinedispatch.com/front/assets/image/carrier-hero-bg.png]
[equinedispatch.com/carriers]
[equinedispatch.com/layovers]
[assets.horsenation.com.s3.amazonaws.com/wp-content/uploads/2014/07/unnamed31.jpg]
[equinedispatch.com/front/assets/image/faq-bg.png]
[equinedispatch.com/assets/loader.gif]
[equinedispatch.com/faq]
[equinedispatch.com/front/assets/image/contact-bg.png]
[equinedispatch.com/front/assets/image/get-touch-img.png]
[equinedispatch.com/contact-us]
[equinedispatch.com/sign-upeeca]
[equinedispatch.com/sign-up78ae]
[equinedispatch.com/front/assets/image/privacy-bg.png]
[equinedispatch.com/blog-details/df1edc74b7d461a2a861363e3796c9ea6697aa4c4fd9dd4f959f8aaf85e94314c4ca4238a0b923820dcc509a6f75849b]
[equinedispatch.com/blog-details/47eaf61a5ed2e5fa01e88e1e9d6645c80257e12f94398a0ae7fb38c89e041d8bc20ad4d76fe97759aa27a0c99bff6710]
[equinedispatch.com/blog-details/8e57285b08dd8ae18ee1c4cdf2e8d6e98f1f4cd37b86445d1fd894bdffb8ae2cc51ce410c124a10e0db5e4b97fc2af39]
[equinedispatch.com/privacy-policy]
[equinedispatch.com/front/assets/image/terms-condition-bg.png]
[equinedispatch.com/terms-and-conditions]
[equinedispatch.com/front/assets/image/shippers-reviews-bg.png]
[equinedispatch.com/shippers-reviews]
[equinedispatch.com/front/assets/image/carrier-review.png]
[equinedispatch.com/carriers-reviews]
[equinedispatch.com/front/assets/js/jquery-3.6.4.min.js]
[equinedispatch.com/front/assets/js/owl.carousel.min.js]
[equinedispatch.com/front/assets/js/bootstrap.bundle.min.js]
[equinedispatch.com/front/assets/js/custom.js]
[equinedispatch.com/front/assets/js/toastr.min.js]
[equinedispatch.com/front/assets/js/jquery.validate.js]
[equinedispatch.com/front/assets/js/masking.js]
[equinedispatch.com/front/assets/js/sweetalert2.js]
[equinedispatch.com/front/assets/js/select2.min.js]
[equinedispatch.com/js/app.js]
[equinedispatch.com/delete-account/_vUniqueCode]
[equinedispatch.com/sign-up]
[www.google.com/recaptcha/api.js]
[cooperandgracie.com/cdn/shop/articles/Horses_in_Meadow_900x209d.html]
[equinedispatch.com/node_modules/axios/lib/axios.html]
[equinedispatch.com/node_modules/axios/lib/utils.html]
[equinedispatch.com/node_modules/axios/lib/core/settle.html]
[equinedispatch.com/node_modules/axios/lib/helpers/cookies.html]
[equinedispatch.com/node_modules/axios/lib/helpers/buildURL.html]
[equinedispatch.com/node_modules/axios/lib/core/buildFullPath.html]
[equinedispatch.com/node_modules/axios/lib/helpers/parseHeaders.html]
[equinedispatch.com/node_modules/axios/lib/helpers/isURLSameOrigin.html]
[equinedispatch.com/node_modules/axios/lib/core/createError.html]
[equinedispatch.com/node_modules/axios/lib/defaults.html]
[equinedispatch.com/node_modules/axios/lib/cancel/Cancel.html]
[equinedispatch.com/node_modules/axios/lib/helpers/bind.html]
[equinedispatch.com/node_modules/axios/lib/core/Axios.html]
[equinedispatch.com/node_modules/axios/lib/core/mergeConfig.html]
[equinedispatch.com/node_modules/axios/lib/cancel/CancelToken.html]
[equinedispatch.com/node_modules/axios/lib/cancel/isCancel.html]
[equinedispatch.com/node_modules/axios/lib/env/data.html]
[equinedispatch.com/node_modules/axios/lib/helpers/spread.html]
[equinedispatch.com/node_modules/axios/lib/helpers/isAxiosError.html]
[equinedispatch.com/node_modules/axios/lib/core/InterceptorManager.html]
[equinedispatch.com/node_modules/axios/lib/core/dispatchRequest.html]
[equinedispatch.com/node_modules/axios/lib/helpers/validator.html]
[equinedispatch.com/node_modules/axios/lib/helpers/isAbsoluteURL.html]
[equinedispatch.com/node_modules/axios/lib/helpers/combineURLs.html]
[equinedispatch.com/node_modules/axios/lib/core/enhanceError.html]
[equinedispatch.com/node_modules/axios/lib/core/transformData.html]
[equinedispatch.com/node_modules/process/browser.html]
[equinedispatch.com/node_modules/axios/lib/helpers/normalizeHeaderName.html]
[equinedispatch.com/node_modules/axios/lib/adapters/xhr.html]
[equinedispatch.com/resources/js/bootstrap.html]
[equinedispatch.com/node_modules/laravel-echo/dist/echo.html]
[equinedispatch.com/node_modules/lodash/lodash.html]
[equinedispatch.com/node_modules/axios/index.html]
[equinedispatch.com/node_modules/pusher-js/dist/web/pusher.html]
[equinedispatch.com/ABCDEFGHIJKLMNOPQRSTUVWXYZabcdefghijklmnopqrstuvwxyz0123456789+/index.html]
[equinedispatch.com/resources/js/app.html]
[equinedispatch.com/resources/css/app.html]
[www.google.com/recaptcha/api2/index.html]
[www.gstatic.com/recaptcha/releases/ox8dsmiqR62P1bqhciWOn7Fg/recaptcha__en.js]
[equinedispatch.com/public/ABCDEFGHIJKLMNOPQRSTUVWXYZabcdefghijklmnopqrstuvwxyz0123456789+.html]
